\BOOKMARK [1][-]{section*.2}{\376\377\000I\000n\000t\000r\000o\000d\000u\000c\000t\000i\000o\000n}{}% 1
\BOOKMARK [1][-]{section*.3}{\376\377\000T\000a\000s\000k\000\040\0001\000:\000\040\000P\000r\000e\000l\000a\000b\000\040\000D\000e\000r\000i\000v\000a\000t\000i\000o\000n\000s}{}% 2
\BOOKMARK [2][-]{section*.4}{\376\377\000T\000i\000m\000e\000\040\000c\000o\000n\000s\000t\000a\000n\000t\000s\000\040\000a\000n\000d\000\040\000g\000a\000i\000n}{section*.3}% 3
\BOOKMARK [2][-]{section*.5}{\376\377\000S\000e\000c\000o\000n\000d\000-\000o\000r\000d\000e\000r\000\040\000O\000D\000E}{section*.3}% 4
\BOOKMARK [2][-]{section*.6}{\376\377\000I\000m\000p\000u\000l\000s\000e\000\040\000r\000e\000s\000p\000o\000n\000s\000e}{section*.3}% 5
\BOOKMARK [2][-]{section*.8}{\376\377\000S\000t\000e\000p\000\040\000r\000e\000s\000p\000o\000n\000s\000e}{section*.3}% 6
\BOOKMARK [2][-]{section*.9}{\376\377\000D\000C\000\040\000g\000a\000i\000n}{section*.3}% 7
\BOOKMARK [2][-]{section*.10}{\376\377\000S\000u\000p\000e\000r\000p\000o\000s\000i\000t\000i\000o\000n}{section*.3}% 8
\BOOKMARK [2][-]{section*.11}{\376\377\000P\000u\000l\000s\000e\000\040\000r\000e\000s\000p\000o\000n\000s\000e}{section*.3}% 9
\BOOKMARK [2][-]{section*.12}{\376\377\000M\000a\000x\000i\000m\000u\000m\000\040\000T}{section*.3}% 10
\BOOKMARK [1][-]{section*.13}{\376\377\000T\000a\000s\000k\000\040\0002\000.\0002}{}% 11
\BOOKMARK [2][-]{section*.15}{\376\377\000C\000o\000l\000l\000a\000p\000s\000e\000\040\000o\000n\000t\000o\000\040\000h\000\050\000t\000\051}{section*.13}% 12
\BOOKMARK [2][-]{section*.16}{\376\377\000A\000m\000p\000l\000i\000t\000u\000d\000e\000\040\000c\000o\000m\000p\000a\000r\000i\000s\000o\000n}{section*.13}% 13
\BOOKMARK [1][-]{section*.18}{\376\377\000T\000a\000s\000k\000\040\0002\000.\0003}{}% 14
\BOOKMARK [1][-]{section*.20}{\376\377\000T\000a\000s\000k\000\040\0002\000.\0004}{}% 15
\BOOKMARK [2][-]{section*.23}{\376\377\000h\000\050\000t\000\051\000\040\000v\000s\000\040\000d\000s\000/\000d\000t}{section*.20}% 16
\BOOKMARK [2][-]{section*.24}{\376\377\000F\000i\000n\000a\000l\000\040\000v\000a\000l\000u\000e\000\040\000a\000n\000d\000\040\000s\000e\000t\000t\000l\000i\000n\000g\000\040\000t\000i\000m\000e}{section*.20}% 17
\BOOKMARK [1][-]{section*.25}{\376\377\000T\000a\000s\000k\000\040\0003\000.\0001}{}% 18
\BOOKMARK [1][-]{section*.27}{\376\377\000T\000a\000s\000k\000\040\0003\000.\0002}{}% 19
\BOOKMARK [2][-]{section*.28}{\376\377\0005\000\040\000V\000,\000\040\0001\0000\0000\000\040\000u\000s}{section*.27}% 20
\BOOKMARK [2][-]{section*.30}{\376\377\0005\000\040\000V\000,\000\040\0001\000\040\000m\000s}{section*.27}% 21
\BOOKMARK [2][-]{section*.32}{\376\377\0002\000\040\000V\000,\000\040\0001\0000\000\040\000m\000s}{section*.27}% 22
\BOOKMARK [2][-]{section*.34}{\376\377\0002\000\040\000V\000,\000\040\0005\0000\000\040\000m\000s}{section*.27}% 23
\BOOKMARK [2][-]{section*.36}{\376\377\000N\000o\000r\000m\000a\000l\000i\000z\000e\000d\000\040\000t\000r\000a\000c\000e\000s}{section*.27}% 24
\BOOKMARK [1][-]{section*.38}{\376\377\000T\000a\000s\000k\000\040\0003\000.\0003}{}% 25
\BOOKMARK [1][-]{section*.41}{\376\377\000T\000a\000s\000k\000\040\0003\000.\0004}{}% 26
\BOOKMARK [1][-]{section*.49}{\376\377\000C\000o\000n\000c\000l\000u\000s\000i\000o\000n}{}% 27
\BOOKMARK [1][-]{section*.50}{\376\377\000A\000p\000p\000e\000n\000d\000i\000x}{}% 28
